[18:30:16][DEBUG]<airtest.core.android.adb> /opt/homebrew/Caskroom/android-platform-tools/37.0.1/platform-tools/adb -s 127.0.0.1:5555 get-state
[18:30:16][DEBUG]<airtest.core.android.adb> /opt/homebrew/Caskroom/android-platform-tools/37.0.1/platform-tools/adb -s 127.0.0.1:5555 wait-for-device
[18:30:16][DEBUG]<airtest.core.android.adb> /opt/homebrew/Caskroom/android-platform-tools/37.0.1/platform-tools/adb -s 127.0.0.1:5555 shell getprop ro.build.version.sdk
[18:30:16][DEBUG]<airtest.core.android.adb> /opt/homebrew/Caskroom/android-platform-tools/37.0.1/platform-tools/adb -s 127.0.0.1:5555 shell dumpsys activity top
[18:30:16][DEBUG]<airtest.core.android.adb> /opt/homebrew/Caskroom/android-platform-tools/37.0.1/platform-tools/adb -s 127.0.0.1:5555 shell dumpsys package com.netease.open.pocoservice
[18:30:16][DEBUG]<airtest.core.android.adb> /opt/homebrew/Caskroom/android-platform-tools/37.0.1/platform-tools/adb -s 127.0.0.1:5555 forward --no-rebind tcp:17379 tcp:10080
[18:30:16][DEBUG]<airtest.core.android.adb> /opt/homebrew/Caskroom/android-platform-tools/37.0.1/platform-tools/adb -s 127.0.0.1:5555 forward --no-rebind tcp:11696 tcp:10081
[18:30:16][DEBUG]<airtest.core.android.adb> /opt/homebrew/Caskroom/android-platform-tools/37.0.1/platform-tools/adb -s 127.0.0.1:5555 shell am start -n com.netease.open.pocoservice/.TestActivity
[18:30:16][DEBUG]<airtest.core.android.adb> /opt/homebrew/Caskroom/android-platform-tools/37.0.1/platform-tools/adb -s 127.0.0.1:5555 shell am instrument -w -e debug false -e class com.netease.open.pocoservice.InstrumentedTestAsLauncher com.netease.open.pocoservice/androidx.test.runner.AndroidJUnitRunner
[18:30:33][DEBUG]<airtest.core.android.adb> /opt/homebrew/Caskroom/android-platform-tools/37.0.1/platform-tools/adb -s 127.0.0.1:5555 shell ls -l /data/local/tmp/rotationwatcher.jar
[18:30:33][DEBUG]<airtest.core.android.rotation> install_rotationwatcher skipped
[18:30:33][DEBUG]<airtest.core.android.adb> /opt/homebrew/Caskroom/android-platform-tools/37.0.1/platform-tools/adb -s 127.0.0.1:5555 shell app_process -Djava.class.path=/data/local/tmp/rotationwatcher.jar /data/local/tmp com.example.rotationwatcher.Main
[18:30:33][DEBUG]<airtest.utils.nbsp> [rotation_server]b'0'
[18:30:34][INFO]<airtest.core.android.rotation> update orientation None->0
[18:30:34][DEBUG]<airtest.core.android.adb> /opt/homebrew/Caskroom/android-platform-tools/37.0.1/platform-tools/adb -s 127.0.0.1:5555 shell wm size
[18:30:34][DEBUG]<airtest.core.android.adb> /opt/homebrew/Caskroom/android-platform-tools/37.0.1/platform-tools/adb -s 127.0.0.1:5555 shell getprop ro.sf.lcd_density
[18:30:34][DEBUG]<airtest.core.android.adb> /opt/homebrew/Caskroom/android-platform-tools/37.0.1/platform-tools/adb -s 127.0.0.1:5555 shell dumpsys SurfaceFlinger
[18:30:34][DEBUG]<airtest.core.android.adb> /opt/homebrew/Caskroom/android-platform-tools/37.0.1/platform-tools/adb -s 127.0.0.1:5555 shell dumpsys input
[18:30:34][DEBUG]<airtest.core.android.adb> /opt/homebrew/Caskroom/android-platform-tools/37.0.1/platform-tools/adb -s 127.0.0.1:5555 shell getevent -p
[18:30:34][DEBUG]<airtest.core.android.adb> /opt/homebrew/Caskroom/android-platform-tools/37.0.1/platform-tools/adb -s 127.0.0.1:5555 shell ls -l /data/local/tmp/maxpresent.jar
[18:30:34][DEBUG]<airtest.core.android.touch_methods.maxtouch> install_maxtouch skipped
[18:30:34][DEBUG]<airtest.core.android.adb> /opt/homebrew/Caskroom/android-platform-tools/37.0.1/platform-tools/adb -s 127.0.0.1:5555 forward --no-rebind tcp:36506 localabstract:maxpresent_36506
[18:30:34][DEBUG]<airtest.core.android.adb> /opt/homebrew/Caskroom/android-platform-tools/37.0.1/platform-tools/adb -s 127.0.0.1:5555 shell app_process -Djava.class.path=/data/local/tmp/maxpresent.jar /data/local/tmp com.netease.maxpresent.MaxPresent socket maxpresent_36506
[18:30:34][DEBUG]<airtest.utils.nbsp> [airtouch_server]b'Metrics Message : 2560.0=====1440.0'
[18:30:34][DEBUG]<airtest.utils.nbsp> [airtouch_server]b'Start local socket (maxpresent_36506) server...'
[18:31:01][DEBUG]<airtest.utils.nbsp> [rotation_server]b'90'
[18:31:01][INFO]<airtest.core.android.rotation> update orientation 0->1
[18:31:04][DEBUG]<airtest.utils.nbsp> [rotation_server]b'0'
[18:31:05][INFO]<airtest.core.android.rotation> update orientation 1->0
[18:31:18][DEBUG]<airtest.utils.nbsp> [rotation_server]b'90'
[18:31:18][INFO]<airtest.core.android.rotation> update orientation 0->1
[18:31:21][DEBUG]<airtest.utils.nbsp> [rotation_server]b'0'
[18:31:22][INFO]<airtest.core.android.rotation> update orientation 1->0
[18:31:35][DEBUG]<airtest.utils.nbsp> [rotation_server]b'90'
[18:31:35][INFO]<airtest.core.android.rotation> update orientation 0->1
[18:31:38][DEBUG]<airtest.utils.nbsp> [rotation_server]b'0'
[18:31:38][INFO]<airtest.core.android.rotation> update orientation 1->0
[18:31:58][DEBUG]<airtest.utils.nbsp> [rotation_server]b'90'
[18:31:58][INFO]<airtest.core.android.rotation> update orientation 0->1
[18:32:01][DEBUG]<airtest.utils.nbsp> [rotation_server]b'0'
[18:32:01][INFO]<airtest.core.android.rotation> update orientation 1->0
[18:32:14][DEBUG]<airtest.utils.nbsp> [rotation_server]b'90'
[18:32:14][INFO]<airtest.core.android.rotation> update orientation 0->1
[FIVE_POINT_EXPERIMENT] variant=optimized, MAX_DEPTH=1, output=/Users/bytedance/Downloads/项目/crawler_original/five_point_experiment_results/1785061695/pair_1_optimized_attempt_1
[INFO] 模拟器已连接: 127.0.0.1:5555
[INFO] Poco 初始化完成
[INFO] 开始遍历...
[INFO] 有效Tab: 11

[TAB 0] 开始
  [1] com.bilibili.app.authorspace.local.LocalAuthorSpaceActivity (8s)
[TAB 1] 开始
  [2] .MainActivityV2 (17s)
  [3] com.bilibili.search2.main.BiliMainSearchActivity (19s)
  [DEBUG] 不在首页, 当前activity=app.lawnchair/.LawnchairLauncher, 尝试返回
  [DEBUG] 返回首页失败, 重启App
[TAB 2] 开始
  [4] .MainActivityV2 (44s)
  [5] com.bilibili.lib.ui.GeneralActivity (46s)
  [DEBUG] 不在首页, 当前activity=app.lawnchair/.LawnchairLauncher, 尝试返回
  [DEBUG] 返回首页失败, 重启App
[TAB 3] 开始
  [DEBUG] 不在首页, 当前activity=app.lawnchair/.LawnchairLauncher, 尝试返回
  [DEBUG] 返回首页失败, 重启App
[TAB 4] 开始
[TAB 5] 开始
  [6] .MainActivityV2 (83s)
  [7] com.mall.ui.page.search.SearchFragmentLoadActivity (86s)
  [DEBUG] 不在首页, 当前activity=app.lawnchair/.LawnchairLauncher, 尝试返回
  [DEBUG] 返回首页失败, 重启App
[TAB 6] 开始
  [8] com.bilibili.studio.centerplus.ui.CenterPlusMainActivity (99s)
  [DEBUG] 不在首页, 当前activity=app.lawnchair/.LawnchairLauncher, 尝试返回
  [DEBUG] 返回首页失败, 重启App

[INFO] 中断, 保存状态...

[DONE] 截图 8 张, 点击 9 次, 用时 1分45秒
{
  "experiment_mode": "optimized",
  "configured_max_depth": 1,
  "screenshots": 8,
  "actions": 9,
  "explored_states": 10,
  "captured_states": 9,
  "counters": {
    "actions_clicked": 9,
    "activity_queries": 94,
    "capture_attempts": 10,
    "capture_failures": 1,
    "click_attempts": 9,
    "hierarchy_dumps": 101,
    "image_duplicates_rejected": 1,
    "known_states_skipped": 1,
    "parent_restore_failures": 5,
    "parent_validation_failures": 6,
    "screenshots_saved": 8
  },
  "timings": {
    "activity_query_seconds": 2.881132,
    "adaptive_wait_seconds": 31.491227,
    "capture_seconds": 4.994171,
    "fixed_wait_seconds": 1.510429,
    "hierarchy_dump_seconds": 23.720379
  },
  "variant": "optimized",
  "device": "127.0.0.1:5555",
  "package": "tv.danmaku.bili",
  "elapsed_seconds": 105.33311333399979,
  "metadata_rows": 8,
  "unique_activities": 6,
  "exact_unique_images": 8,
  "near_unique_images_dhash12": 8,
  "screenshots_per_hour": 273.41829258077985,
  "near_unique_images_per_hour": 273.41829258077985,
  "near_duplicate_ratio": 0.0,
  "actions_per_screenshot": 1.125,
  "poco_attr_reads": 0,
  "poco_attr_read_seconds": 0,
  "hierarchy_dumps": 101,
  "hierarchy_dump_seconds": 23.720379,
  "layout_duplicates_skipped": 0,
  "image_duplicates_rejected": 1,
  "capture_attempts": 10,
  "capture_failures": 1,
  "capture_retry_attempts": 0,
  "capture_retry_recoveries": 0,
  "click_failures": 0,
  "parent_validation_failures": 6,
  "parent_restore_failures": 5,
  "fixed_wait_seconds": 1.510429,
  "adaptive_wait_seconds": 31.491227,
  "state_wait_timeouts": 0
}
[FIVE_POINT_EXPERIMENT_DONE] /Users/bytedance/Downloads/项目/crawler_original/five_point_experiment_results/1785061695/pair_1_optimized_attempt_1
[18:32:16][DEBUG]<airtest.core.android.adb> /opt/homebrew/Caskroom/android-platform-tools/37.0.1/platform-tools/adb -s 127.0.0.1:5555 forward --remove tcp:17379
[18:32:16][DEBUG]<airtest.core.android.adb> /opt/homebrew/Caskroom/android-platform-tools/37.0.1/platform-tools/adb -s 127.0.0.1:5555 forward --remove tcp:11696
[18:32:16][DEBUG]<airtest.core.android.adb> /opt/homebrew/Caskroom/android-platform-tools/37.0.1/platform-tools/adb -s 127.0.0.1:5555 forward --remove tcp:36506
[18:32:16][DEBUG]<airtest.utils.nbsp> [rotation_server]b''
[18:32:16][DEBUG]<airtest.utils.nbsp> [airtouch_server]b''
[18:32:16][DEBUG]<airtest.core.android.adb> /opt/homebrew/Caskroom/android-platform-tools/37.0.1/platform-tools/adb -s 127.0.0.1:5555 forward --remove tcp:36506
