[16:00:21][DEBUG]<airtest.core.android.adb> /opt/homebrew/Caskroom/android-platform-tools/37.0.1/platform-tools/adb -s 127.0.0.1:5555 get-state
[16:00:21][DEBUG]<airtest.core.android.adb> /opt/homebrew/Caskroom/android-platform-tools/37.0.1/platform-tools/adb -s 127.0.0.1:5555 wait-for-device
[16:00:21][DEBUG]<airtest.core.android.adb> /opt/homebrew/Caskroom/android-platform-tools/37.0.1/platform-tools/adb -s 127.0.0.1:5555 shell getprop ro.build.version.sdk
[16:00:21][DEBUG]<airtest.core.android.adb> /opt/homebrew/Caskroom/android-platform-tools/37.0.1/platform-tools/adb -s 127.0.0.1:5555 shell dumpsys activity top
[16:00:21][DEBUG]<airtest.core.android.adb> /opt/homebrew/Caskroom/android-platform-tools/37.0.1/platform-tools/adb -s 127.0.0.1:5555 shell dumpsys package com.netease.open.pocoservice
[16:00:21][DEBUG]<airtest.core.android.adb> /opt/homebrew/Caskroom/android-platform-tools/37.0.1/platform-tools/adb -s 127.0.0.1:5555 forward --no-rebind tcp:29801 tcp:10080
[16:00:21][DEBUG]<airtest.core.android.adb> /opt/homebrew/Caskroom/android-platform-tools/37.0.1/platform-tools/adb -s 127.0.0.1:5555 forward --no-rebind tcp:12687 tcp:10081
[16:00:21][DEBUG]<airtest.core.android.adb> /opt/homebrew/Caskroom/android-platform-tools/37.0.1/platform-tools/adb -s 127.0.0.1:5555 shell am start -n com.netease.open.pocoservice/.TestActivity
[16:00:21][DEBUG]<airtest.core.android.adb> /opt/homebrew/Caskroom/android-platform-tools/37.0.1/platform-tools/adb -s 127.0.0.1:5555 shell am instrument -w -e debug false -e class com.netease.open.pocoservice.InstrumentedTestAsLauncher com.netease.open.pocoservice/androidx.test.runner.AndroidJUnitRunner
[16:00:38][DEBUG]<airtest.core.android.adb> /opt/homebrew/Caskroom/android-platform-tools/37.0.1/platform-tools/adb -s 127.0.0.1:5555 shell ls -l /data/local/tmp/rotationwatcher.jar
[16:00:38][DEBUG]<airtest.core.android.rotation> install_rotationwatcher skipped
[16:00:38][DEBUG]<airtest.core.android.adb> /opt/homebrew/Caskroom/android-platform-tools/37.0.1/platform-tools/adb -s 127.0.0.1:5555 shell app_process -Djava.class.path=/data/local/tmp/rotationwatcher.jar /data/local/tmp com.example.rotationwatcher.Main
[16:00:38][DEBUG]<airtest.utils.nbsp> [rotation_server]b'0'
[16:00:39][INFO]<airtest.core.android.rotation> update orientation None->0
[16:00:39][DEBUG]<airtest.core.android.adb> /opt/homebrew/Caskroom/android-platform-tools/37.0.1/platform-tools/adb -s 127.0.0.1:5555 shell wm size
[16:00:39][DEBUG]<airtest.core.android.adb> /opt/homebrew/Caskroom/android-platform-tools/37.0.1/platform-tools/adb -s 127.0.0.1:5555 shell getprop ro.sf.lcd_density
[16:00:39][DEBUG]<airtest.core.android.adb> /opt/homebrew/Caskroom/android-platform-tools/37.0.1/platform-tools/adb -s 127.0.0.1:5555 shell dumpsys SurfaceFlinger
[16:00:39][DEBUG]<airtest.core.android.adb> /opt/homebrew/Caskroom/android-platform-tools/37.0.1/platform-tools/adb -s 127.0.0.1:5555 shell dumpsys input
[16:00:39][DEBUG]<airtest.core.android.adb> /opt/homebrew/Caskroom/android-platform-tools/37.0.1/platform-tools/adb -s 127.0.0.1:5555 shell getevent -p
[16:00:39][DEBUG]<airtest.core.android.adb> /opt/homebrew/Caskroom/android-platform-tools/37.0.1/platform-tools/adb -s 127.0.0.1:5555 shell ls -l /data/local/tmp/maxpresent.jar
[16:00:39][DEBUG]<airtest.core.android.touch_methods.maxtouch> install_maxtouch skipped
[16:00:39][DEBUG]<airtest.core.android.adb> /opt/homebrew/Caskroom/android-platform-tools/37.0.1/platform-tools/adb -s 127.0.0.1:5555 forward --no-rebind tcp:43410 localabstract:maxpresent_43410
[16:00:39][DEBUG]<airtest.core.android.adb> /opt/homebrew/Caskroom/android-platform-tools/37.0.1/platform-tools/adb -s 127.0.0.1:5555 shell app_process -Djava.class.path=/data/local/tmp/maxpresent.jar /data/local/tmp com.netease.maxpresent.MaxPresent socket maxpresent_43410
[16:00:39][DEBUG]<airtest.utils.nbsp> [airtouch_server]b'Metrics Message : 2560.0=====1440.0'
[16:00:39][DEBUG]<airtest.utils.nbsp> [airtouch_server]b'Start local socket (maxpresent_43410) server...'
[EXPERIMENT] variant=baseline, MAX_DEPTH=1, output=/Users/bytedance/Downloads/项目/crawler_original/depth_experiment_results/1785051014/pair_2_baseline_d1
[INFO] 模拟器已连接: 127.0.0.1:5555
[INFO] Poco 初始化完成
[INFO] 开始遍历...
[INFO] 有效Tab: 11

[TAB 0] 开始
  [1] .MainActivityV2 (9s)
  [2] com.bilibili.search2.main.BiliMainSearchActivity (13s)
  [3] com.bilibili.biligame.ui.GameCenterHomeActivity (27s)
  [4] com.bilibili.lib.ui.GeneralActivity (38s)
  [5] .ui.webview.MWebActivity (47s)
  [6] .ui.webview.MWebActivity (52s)
  [7] .ui.webview.MWebActivity (56s)
  [8] com.bilibili.ship.theseus.detail.UnitedBizDetailsActivity (64s)
  [9] com.bilibili.ship.theseus.detail.UnitedBizDetailsActivity (71s)
  [10] com.bilibili.ship.theseus.detail.UnitedBizDetailsActivity (79s)
[TAB 1] 开始
  [11] .MainActivityV2 (95s)
  [12] com.bilibili.lib.ui.GeneralActivity (99s)
  [13] com.bilibili.app.authorspace.ui.AuthorSpaceActivity (115s)
  [14] com.bilibili.app.authorspace.ui.AuthorSpaceActivity (123s)
  [15] com.bilibili.lib.ui.GeneralActivity (127s)
  [16] com.bilibili.ship.theseus.detail.UnitedBizDetailsActivity (136s)
  [17] com.bilibili.ship.theseus.detail.UnitedBizDetailsActivity (147s)
  [18] com.bilibili.ship.theseus.detail.UnitedBizDetailsActivity (158s)
  [19] com.bilibili.ship.theseus.detail.UnitedBizDetailsActivity (170s)
[TAB 2] 开始
  [20] .MainActivityV2 (186s)
  [21] com.mall.ui.page.search.SearchFragmentLoadActivity (191s)
  [22] com.mall.ui.page.base.MallWebFragmentLoaderActivity (196s)
  [23] com.mall.ui.page.base.MallFragmentLoaderActivity (200s)
  [24] com.mall.ui.page.base.MallFragmentLoaderActivity (205s)
  [25] com.mall.ui.page.base.MallWebFragmentLoaderActivity (210s)
  [26] com.mall.ui.page.base.MallWebFragmentLoaderActivity (215s)
[TAB 3] 开始
  [27] kntr.common.compose.launcher.VertexActivity (233s)
  [DEBUG] 不在首页, 当前activity=tv.danmaku.bili/kntr.common.compose.launcher.VertexActivity, 尝试返回
  [DEBUG] Tab 4: 超出有效Tab数(4)
[TAB 4] 切换失败, 跳过
  [DEBUG] Tab 5: 超出有效Tab数(4)
[TAB 5] 切换失败, 跳过
  [DEBUG] Tab 6: 超出有效Tab数(4)
[TAB 6] 切换失败, 跳过
  [DEBUG] Tab 7: 超出有效Tab数(4)
[TAB 7] 切换失败, 跳过
  [DEBUG] Tab 8: 超出有效Tab数(4)
[TAB 8] 切换失败, 跳过
  [DEBUG] Tab 9: 超出有效Tab数(4)
[TAB 9] 切换失败, 跳过
  [DEBUG] Tab 10: 超出有效Tab数(4)
[TAB 10] 切换失败, 跳过

[INFO] 滚动探索

  [28] .MainActivityV2 (272s)
  [29] com.bilibili.search2.main.BiliMainSearchActivity (276s)
  [30] com.bilibili.lib.ui.GeneralActivity (287s)
  [31] com.bilibili.ship.theseus.detail.UnitedBizDetailsActivity (297s)
  [32] com.bilibili.ship.theseus.detail.UnitedBizDetailsActivity (305s)
  [33] .MainActivityV2 (316s)
  [34] .ui.personinfo.PersonInfoActivity (326s)
  [35] com.bilibili.app.authorspace.local.LocalAuthorSpaceActivity (330s)
  [36] com.bilibili.app.authorspace.local.LocalAuthorSpaceActivity (334s)
  [37] com.bilibili.app.authorspace.local.LocalAuthorSpaceActivity (338s)
  [38] .ui.webview.MWebActivity (343s)
  [39] .ui.webview.MWebActivity (347s)
  [40] com.bilibili.vip.web.VipWebActivity (353s)
  [41] com.bilibili.vip.web.VipWebActivity (359s)
  [42] kntr.common.compose.launcher.VertexActivity (362s)
  [43] com.bilibili.lib.ui.GeneralActivity (367s)
  [44] kntr.common.compose.launcher.VertexActivity (370s)
  [45] .ui.webview.MWebActivity (381s)
  [46] .ui.freedata.FreeDataEntranceActivity (385s)
  [47] .ui.webview.MWebActivity (389s)
  [48] .ui.webview.MWebActivity (393s)
  [49] com.bilibili.biligame.ui.GameCenterHomeActivity (398s)
  [50] com.mall.ui.page.base.MallFragmentLoaderActivity (403s)
  [51] com.bilibili.comic.BiliComicHomeActivity (407s)
  [52] .ui.webview.MWebActivity (411s)
  [53] com.bilibili.lib.ui.GeneralActivity (415s)
  [54] com.bilibili.bplus.following.event.ui.FollowingEventTopicActivity (420s)
  [55] .ui.webview.MWebActivity (426s)
  [56] .ui.webview.MWebActivity (431s)
  [57] .ui.webview.MWebActivity (436s)
  [58] .ui.webview.MWebActivity (440s)
  [59] .ui.webview.MWebActivity (445s)
  [60] com.bilibili.music.podcast.MusicPodcastMainActivity (449s)
  [61] .ui.webview.MWebActivity (453s)
  [62] com.bilibili.app.preferences.BiliPreferencesActivity (460s)
  [63] .MainActivityV2 (472s)
  [64] .ui.personinfo.PersonInfoActivity (482s)
  [65] com.bilibili.app.authorspace.local.LocalAuthorSpaceActivity (486s)
  [66] com.bilibili.app.authorspace.local.LocalAuthorSpaceActivity (490s)
  [67] com.bilibili.app.authorspace.local.LocalAuthorSpaceActivity (494s)
  [68] .ui.webview.MWebActivity (499s)
  [69] .ui.webview.MWebActivity (503s)
  [70] com.bilibili.vip.web.VipWebActivity (509s)
  [71] com.bilibili.vip.web.VipWebActivity (515s)
  [72] com.bilibili.lib.ui.GeneralActivity (523s)
  [73] kntr.common.compose.launcher.VertexActivity (526s)
  [74] .ui.webview.MWebActivity (537s)
  [75] .ui.freedata.FreeDataEntranceActivity (540s)
  [76] .ui.webview.MWebActivity (545s)
  [77] .ui.webview.MWebActivity (549s)
  [78] com.bilibili.biligame.ui.GameCenterHomeActivity (553s)
  [79] com.mall.ui.page.base.MallFragmentLoaderActivity (558s)
  [80] com.bilibili.comic.BiliComicHomeActivity (562s)
  [81] .ui.webview.MWebActivity (566s)
  [82] com.bilibili.lib.ui.GeneralActivity (571s)
  [83] com.bilibili.bplus.following.event.ui.FollowingEventTopicActivity (576s)
  [84] .ui.webview.MWebActivity (582s)

[INFO] 中断, 保存状态...

[DONE] 截图 84 张, 点击 131 次, 用时 9分45秒
{
  "configured_max_depth": 1,
  "depth_action_limits": {
    "1": 4,
    "2": 2
  },
  "max_deep_activity_expansions": 2,
  "max_depth_invoked": 1,
  "explore_calls_by_depth": {
    "0": 7,
    "1": 81
  },
  "explore_inclusive_seconds_by_depth": {
    "0": 528.908106,
    "1": 51.168333
  },
  "actions_discovered_by_depth": {
    "0": 141
  },
  "actions_returned_by_depth": {
    "0": 141
  },
  "actions_pruned_by_depth": {},
  "deep_actions_pruned": 0,
  "screenshots_saved_by_depth": {
    "0": 7,
    "1": 77
  },
  "deep_activity_expansion_skips": 0,
  "backtrack_calls": 7,
  "backtrack_failures": 0,
  "backtrack_seconds": 4.187353293000342,
  "go_back_calls": 90,
  "go_back_seconds": 2.9136715859967808,
  "restart_calls": 0,
  "restart_seconds": 0.0,
  "screenshots": 84,
  "actions": 131,
  "variant": "baseline",
  "device": "127.0.0.1:5555",
  "package": "tv.danmaku.bili",
  "elapsed_seconds": 585.3566453340027,
  "metadata_rows": 84,
  "unique_activities": 19,
  "exact_unique_images": 79,
  "near_unique_images_dhash12": 70,
  "screenshots_per_hour": 516.6081267044495,
  "near_unique_images_per_hour": 430.506772253708,
  "near_duplicate_ratio": 0.16666666666666663,
  "actions_per_screenshot": 1.5595238095238095
}
[EXPERIMENT_DONE] /Users/bytedance/Downloads/项目/crawler_original/depth_experiment_results/1785051014/pair_2_baseline_d1
[16:10:23][DEBUG]<airtest.core.android.adb> /opt/homebrew/Caskroom/android-platform-tools/37.0.1/platform-tools/adb -s 127.0.0.1:5555 forward --remove tcp:29801
[16:10:23][DEBUG]<airtest.core.android.adb> /opt/homebrew/Caskroom/android-platform-tools/37.0.1/platform-tools/adb -s 127.0.0.1:5555 forward --remove tcp:12687
[16:10:23][DEBUG]<airtest.core.android.adb> /opt/homebrew/Caskroom/android-platform-tools/37.0.1/platform-tools/adb -s 127.0.0.1:5555 forward --remove tcp:43410
[16:10:23][DEBUG]<airtest.utils.nbsp> [rotation_server]b''
[16:10:23][DEBUG]<airtest.utils.nbsp> [airtouch_server]b''
[16:10:23][DEBUG]<airtest.core.android.adb> /opt/homebrew/Caskroom/android-platform-tools/37.0.1/platform-tools/adb -s 127.0.0.1:5555 forward --remove tcp:43410
