[00:19:33][DEBUG]<airtest.core.android.adb> /opt/homebrew/Caskroom/android-platform-tools/37.0.1/platform-tools/adb -s 127.0.0.1:5555 get-state
[00:19:33][DEBUG]<airtest.core.android.adb> /opt/homebrew/Caskroom/android-platform-tools/37.0.1/platform-tools/adb -s 127.0.0.1:5555 wait-for-device
[00:19:33][DEBUG]<airtest.core.android.adb> /opt/homebrew/Caskroom/android-platform-tools/37.0.1/platform-tools/adb -s 127.0.0.1:5555 shell getprop ro.build.version.sdk
[00:19:33][DEBUG]<airtest.core.android.adb> /opt/homebrew/Caskroom/android-platform-tools/37.0.1/platform-tools/adb -s 127.0.0.1:5555 shell dumpsys activity top
[00:19:33][DEBUG]<airtest.core.android.adb> /opt/homebrew/Caskroom/android-platform-tools/37.0.1/platform-tools/adb -s 127.0.0.1:5555 shell dumpsys package com.netease.open.pocoservice
[00:19:33][DEBUG]<airtest.core.android.adb> /opt/homebrew/Caskroom/android-platform-tools/37.0.1/platform-tools/adb -s 127.0.0.1:5555 forward --no-rebind tcp:20970 tcp:10080
[00:19:33][DEBUG]<airtest.core.android.adb> /opt/homebrew/Caskroom/android-platform-tools/37.0.1/platform-tools/adb -s 127.0.0.1:5555 forward --no-rebind tcp:37256 tcp:10081
[00:19:33][DEBUG]<airtest.core.android.adb> /opt/homebrew/Caskroom/android-platform-tools/37.0.1/platform-tools/adb -s 127.0.0.1:5555 shell am start -n com.netease.open.pocoservice/.TestActivity
[00:19:33][DEBUG]<airtest.core.android.adb> /opt/homebrew/Caskroom/android-platform-tools/37.0.1/platform-tools/adb -s 127.0.0.1:5555 shell am instrument -w -e debug false -e class com.netease.open.pocoservice.InstrumentedTestAsLauncher com.netease.open.pocoservice/androidx.test.runner.AndroidJUnitRunner
[00:19:51][DEBUG]<airtest.core.android.adb> /opt/homebrew/Caskroom/android-platform-tools/37.0.1/platform-tools/adb -s 127.0.0.1:5555 shell ls -l /data/local/tmp/rotationwatcher.jar
[00:19:51][DEBUG]<airtest.core.android.rotation> install_rotationwatcher skipped
[00:19:51][DEBUG]<airtest.core.android.adb> /opt/homebrew/Caskroom/android-platform-tools/37.0.1/platform-tools/adb -s 127.0.0.1:5555 shell app_process -Djava.class.path=/data/local/tmp/rotationwatcher.jar /data/local/tmp com.example.rotationwatcher.Main
[00:19:51][DEBUG]<airtest.utils.nbsp> [rotation_server]b'0'
[00:19:52][INFO]<airtest.core.android.rotation> update orientation None->0
[00:19:52][DEBUG]<airtest.core.android.adb> /opt/homebrew/Caskroom/android-platform-tools/37.0.1/platform-tools/adb -s 127.0.0.1:5555 shell wm size
[00:19:52][DEBUG]<airtest.core.android.adb> /opt/homebrew/Caskroom/android-platform-tools/37.0.1/platform-tools/adb -s 127.0.0.1:5555 shell getprop ro.sf.lcd_density
[00:19:52][DEBUG]<airtest.core.android.adb> /opt/homebrew/Caskroom/android-platform-tools/37.0.1/platform-tools/adb -s 127.0.0.1:5555 shell dumpsys SurfaceFlinger
[00:19:52][DEBUG]<airtest.core.android.adb> /opt/homebrew/Caskroom/android-platform-tools/37.0.1/platform-tools/adb -s 127.0.0.1:5555 shell dumpsys input
[00:19:52][DEBUG]<airtest.core.android.adb> /opt/homebrew/Caskroom/android-platform-tools/37.0.1/platform-tools/adb -s 127.0.0.1:5555 shell getevent -p
[00:19:52][DEBUG]<airtest.core.android.adb> /opt/homebrew/Caskroom/android-platform-tools/37.0.1/platform-tools/adb -s 127.0.0.1:5555 shell ls -l /data/local/tmp/maxpresent.jar
[00:19:52][DEBUG]<airtest.core.android.touch_methods.maxtouch> install_maxtouch skipped
[00:19:52][DEBUG]<airtest.core.android.adb> /opt/homebrew/Caskroom/android-platform-tools/37.0.1/platform-tools/adb -s 127.0.0.1:5555 forward --no-rebind tcp:27002 localabstract:maxpresent_27002
[00:19:52][DEBUG]<airtest.core.android.adb> /opt/homebrew/Caskroom/android-platform-tools/37.0.1/platform-tools/adb -s 127.0.0.1:5555 shell app_process -Djava.class.path=/data/local/tmp/maxpresent.jar /data/local/tmp com.netease.maxpresent.MaxPresent socket maxpresent_27002
[00:19:52][DEBUG]<airtest.utils.nbsp> [airtouch_server]b'Metrics Message : 2560.0=====1440.0'
[00:19:52][DEBUG]<airtest.utils.nbsp> [airtouch_server]b'Start local socket (maxpresent_27002) server...'
[EXPERIMENT] variant=baseline, MAX_DEPTH=1, output=/Users/bytedance/Downloads/项目/crawler_original/depth_experiment_results/1784993962/pair_3_baseline_d1
[INFO] 模拟器已连接: 127.0.0.1:5555
[INFO] Poco 初始化完成
[INFO] 开始遍历...
[INFO] 有效Tab: 9

[TAB 0] 开始
  [1] .MainActivityV2 (10s)
  [2] com.bilibili.search2.main.BiliMainSearchActivity (15s)
  [3] com.bilibili.biligame.ui.GameCenterHomeActivity (28s)
  [4] com.bilibili.lib.ui.GeneralActivity (39s)
  [5] com.bilibili.bplus.following.event.ui.FollowingEventTopicActivity (50s)
  [6] com.bilibili.bplus.following.event.ui.FollowingEventTopicActivity (53s)
  [7] com.bilibili.bplus.following.event.ui.FollowingEventTopicActivity (57s)
  [8] com.bilibili.ship.theseus.detail.UnitedBizDetailsActivity (65s)
  [9] com.bilibili.ship.theseus.detail.UnitedBizDetailsActivity (73s)
[TAB 1] 开始
  [10] .MainActivityV2 (89s)
  [11] com.bilibili.lib.ui.GeneralActivity (93s)
  [12] com.bilibili.bplus.followinglist.quick.consume.QuickConsumeActivity (105s)
  [13] com.bilibili.bplus.followinglist.quick.consume.QuickConsumeActivity (109s)
  [14] com.bilibili.app.authorspace.ui.AuthorSpaceActivity (114s)
  [15] com.bilibili.app.authorspace.ui.AuthorSpaceActivity (122s)
  [16] com.bilibili.lib.ui.GeneralActivity (127s)
  [17] com.bilibili.ship.theseus.detail.UnitedBizDetailsActivity (138s)
[TAB 2] 开始
  [18] .MainActivityV2 (163s)
  [19] com.mall.ui.page.search.SearchFragmentLoadActivity (168s)
  [20] com.mall.ui.page.base.MallWebFragmentLoaderActivity (173s)
  [21] com.mall.ui.page.base.MallFragmentLoaderActivity (177s)
  [22] com.mall.ui.page.base.MallFragmentLoaderActivity (182s)
  [23] com.mall.ui.page.base.MallWebFragmentLoaderActivity (186s)
  [24] com.mall.ui.page.base.MallWebFragmentLoaderActivity (193s)
[TAB 3] 开始
  [25] kntr.common.compose.launcher.VertexActivity (212s)
  [DEBUG] 不在首页, 当前activity=tv.danmaku.bili/kntr.common.compose.launcher.VertexActivity, 尝试返回
  [DEBUG] Tab 4: 超出有效Tab数(4)
[TAB 4] 切换失败, 跳过
  [DEBUG] Tab 5: 超出有效Tab数(4)
[TAB 5] 切换失败, 跳过
  [DEBUG] Tab 6: 超出有效Tab数(4)
[TAB 6] 切换失败, 跳过
  [DEBUG] Tab 7: 超出有效Tab数(4)
[TAB 7] 切换失败, 跳过
  [DEBUG] Tab 8: 超出有效Tab数(4)
[TAB 8] 切换失败, 跳过

[INFO] 滚动探索

  [26] .MainActivityV2 (246s)
  [27] com.bilibili.search2.main.BiliMainSearchActivity (251s)
  [28] com.bilibili.lib.ui.GeneralActivity (264s)
  [29] com.bilibili.ship.theseus.detail.UnitedBizDetailsActivity (274s)
  [30] com.bilibili.ship.theseus.detail.UnitedBizDetailsActivity (282s)
  [31] .MainActivityV2 (293s)
  [32] .ui.personinfo.PersonInfoActivity (304s)
  [33] com.bilibili.app.authorspace.local.LocalAuthorSpaceActivity (308s)
  [34] com.bilibili.app.authorspace.local.LocalAuthorSpaceActivity (314s)
  [35] com.bilibili.app.authorspace.local.LocalAuthorSpaceActivity (318s)
  [36] .ui.webview.MWebActivity (323s)
  [37] .ui.webview.MWebActivity (327s)
  [38] com.bilibili.vip.web.VipWebActivity (332s)
  [39] com.bilibili.vip.web.VipWebActivity (339s)
  [40] kntr.common.compose.launcher.VertexActivity (342s)
  [41] com.bilibili.lib.ui.GeneralActivity (346s)
  [42] kntr.common.compose.launcher.VertexActivity (350s)
  [43] .ui.webview.MWebActivity (361s)
  [44] .ui.freedata.FreeDataEntranceActivity (365s)
  [45] .ui.webview.MWebActivity (369s)
  [46] .ui.webview.MWebActivity (374s)
  [47] com.bilibili.biligame.ui.GameCenterHomeActivity (378s)
  [48] com.mall.ui.page.base.MallFragmentLoaderActivity (383s)
  [49] com.bilibili.comic.BiliComicHomeActivity (387s)
  [50] .ui.webview.MWebActivity (391s)
  [51] com.bilibili.lib.ui.GeneralActivity (395s)
  [52] com.bilibili.bplus.following.event.ui.FollowingEventTopicActivity (401s)
  [53] .ui.webview.MWebActivity (407s)
  [54] .ui.webview.MWebActivity (411s)
  [55] .ui.webview.MWebActivity (416s)
  [56] .ui.webview.MWebActivity (420s)
  [57] .ui.webview.MWebActivity (425s)
  [58] com.bilibili.music.podcast.MusicPodcastMainActivity (429s)
  [59] .ui.webview.MWebActivity (433s)
  [60] com.bilibili.app.preferences.BiliPreferencesActivity (440s)
  [61] .MainActivityV2 (452s)
  [62] .ui.personinfo.PersonInfoActivity (463s)
  [63] com.bilibili.app.authorspace.local.LocalAuthorSpaceActivity (467s)
  [64] com.bilibili.app.authorspace.local.LocalAuthorSpaceActivity (471s)
  [65] com.bilibili.app.authorspace.local.LocalAuthorSpaceActivity (474s)
  [66] .ui.webview.MWebActivity (479s)
  [67] .ui.webview.MWebActivity (483s)
  [68] com.bilibili.vip.web.VipWebActivity (489s)
  [69] com.bilibili.vip.web.VipWebActivity (495s)
  [70] com.bilibili.lib.ui.GeneralActivity (503s)
  [71] kntr.common.compose.launcher.VertexActivity (507s)
  [72] .ui.webview.MWebActivity (518s)
  [73] .ui.freedata.FreeDataEntranceActivity (522s)
  [74] .ui.webview.MWebActivity (526s)
  [75] .ui.webview.MWebActivity (530s)
  [76] com.bilibili.biligame.ui.GameCenterHomeActivity (534s)
  [77] com.mall.ui.page.base.MallFragmentLoaderActivity (539s)
  [78] .ui.webview.MWebActivity (547s)
  [79] com.bilibili.lib.ui.GeneralActivity (551s)
  [80] com.bilibili.bplus.following.event.ui.FollowingEventTopicActivity (557s)
  [81] .ui.webview.MWebActivity (563s)
  [82] .ui.webview.MWebActivity (567s)
  [83] .ui.webview.MWebActivity (572s)
  [84] .ui.webview.MWebActivity (577s)
  [85] .ui.webview.MWebActivity (581s)

[INFO] 中断, 保存状态...

[DONE] 截图 85 张, 点击 135 次, 用时 9分43秒
{
  "configured_max_depth": 1,
  "max_depth_invoked": 1,
  "explore_calls_by_depth": {
    "0": 7,
    "1": 83
  },
  "screenshots": 85,
  "actions": 135,
  "variant": "baseline",
  "device": "127.0.0.1:5555",
  "package": "tv.danmaku.bili",
  "elapsed_seconds": 583.0448462500353,
  "metadata_rows": 85,
  "unique_activities": 20,
  "exact_unique_images": 79,
  "near_unique_images_dhash12": 71,
  "screenshots_per_hour": 524.8309833593379,
  "actions_per_screenshot": 1.588235294117647
}
[EXPERIMENT_DONE] /Users/bytedance/Downloads/项目/crawler_original/depth_experiment_results/1784993962/pair_3_baseline_d1
[00:29:33][DEBUG]<airtest.core.android.adb> /opt/homebrew/Caskroom/android-platform-tools/37.0.1/platform-tools/adb -s 127.0.0.1:5555 forward --remove tcp:20970
[00:29:33][DEBUG]<airtest.core.android.adb> /opt/homebrew/Caskroom/android-platform-tools/37.0.1/platform-tools/adb -s 127.0.0.1:5555 forward --remove tcp:37256
[00:29:33][DEBUG]<airtest.core.android.adb> /opt/homebrew/Caskroom/android-platform-tools/37.0.1/platform-tools/adb -s 127.0.0.1:5555 forward --remove tcp:27002
[00:29:33][DEBUG]<airtest.utils.nbsp> [rotation_server]b''
[00:29:33][DEBUG]<airtest.utils.nbsp> [airtouch_server]b''
[00:29:33][DEBUG]<airtest.core.android.adb> /opt/homebrew/Caskroom/android-platform-tools/37.0.1/platform-tools/adb -s 127.0.0.1:5555 forward --remove tcp:27002
