[23:49:28][DEBUG]<airtest.core.android.adb> /opt/homebrew/Caskroom/android-platform-tools/37.0.1/platform-tools/adb -s 127.0.0.1:5555 get-state
[23:49:28][DEBUG]<airtest.core.android.adb> /opt/homebrew/Caskroom/android-platform-tools/37.0.1/platform-tools/adb -s 127.0.0.1:5555 wait-for-device
[23:49:28][DEBUG]<airtest.core.android.adb> /opt/homebrew/Caskroom/android-platform-tools/37.0.1/platform-tools/adb -s 127.0.0.1:5555 shell getprop ro.build.version.sdk
[23:49:28][DEBUG]<airtest.core.android.adb> /opt/homebrew/Caskroom/android-platform-tools/37.0.1/platform-tools/adb -s 127.0.0.1:5555 shell dumpsys activity top
[23:49:28][DEBUG]<airtest.core.android.adb> /opt/homebrew/Caskroom/android-platform-tools/37.0.1/platform-tools/adb -s 127.0.0.1:5555 shell dumpsys package com.netease.open.pocoservice
[23:49:28][DEBUG]<airtest.core.android.adb> /opt/homebrew/Caskroom/android-platform-tools/37.0.1/platform-tools/adb -s 127.0.0.1:5555 forward --no-rebind tcp:24255 tcp:10080
[23:49:28][DEBUG]<airtest.core.android.adb> /opt/homebrew/Caskroom/android-platform-tools/37.0.1/platform-tools/adb -s 127.0.0.1:5555 forward --no-rebind tcp:12193 tcp:10081
[23:49:28][DEBUG]<airtest.core.android.adb> /opt/homebrew/Caskroom/android-platform-tools/37.0.1/platform-tools/adb -s 127.0.0.1:5555 shell am start -n com.netease.open.pocoservice/.TestActivity
[23:49:28][DEBUG]<airtest.core.android.adb> /opt/homebrew/Caskroom/android-platform-tools/37.0.1/platform-tools/adb -s 127.0.0.1:5555 shell am instrument -w -e debug false -e class com.netease.open.pocoservice.InstrumentedTestAsLauncher com.netease.open.pocoservice/androidx.test.runner.AndroidJUnitRunner
[23:49:46][DEBUG]<airtest.core.android.adb> /opt/homebrew/Caskroom/android-platform-tools/37.0.1/platform-tools/adb -s 127.0.0.1:5555 shell ls -l /data/local/tmp/rotationwatcher.jar
[23:49:46][DEBUG]<airtest.core.android.rotation> install_rotationwatcher skipped
[23:49:46][DEBUG]<airtest.core.android.adb> /opt/homebrew/Caskroom/android-platform-tools/37.0.1/platform-tools/adb -s 127.0.0.1:5555 shell app_process -Djava.class.path=/data/local/tmp/rotationwatcher.jar /data/local/tmp com.example.rotationwatcher.Main
[23:49:46][DEBUG]<airtest.utils.nbsp> [rotation_server]b'0'
[23:49:47][INFO]<airtest.core.android.rotation> update orientation None->0
[23:49:47][DEBUG]<airtest.core.android.adb> /opt/homebrew/Caskroom/android-platform-tools/37.0.1/platform-tools/adb -s 127.0.0.1:5555 shell wm size
[23:49:47][DEBUG]<airtest.core.android.adb> /opt/homebrew/Caskroom/android-platform-tools/37.0.1/platform-tools/adb -s 127.0.0.1:5555 shell getprop ro.sf.lcd_density
[23:49:47][DEBUG]<airtest.core.android.adb> /opt/homebrew/Caskroom/android-platform-tools/37.0.1/platform-tools/adb -s 127.0.0.1:5555 shell dumpsys SurfaceFlinger
[23:49:47][DEBUG]<airtest.core.android.adb> /opt/homebrew/Caskroom/android-platform-tools/37.0.1/platform-tools/adb -s 127.0.0.1:5555 shell dumpsys input
[23:49:47][DEBUG]<airtest.core.android.adb> /opt/homebrew/Caskroom/android-platform-tools/37.0.1/platform-tools/adb -s 127.0.0.1:5555 shell getevent -p
[23:49:47][DEBUG]<airtest.core.android.adb> /opt/homebrew/Caskroom/android-platform-tools/37.0.1/platform-tools/adb -s 127.0.0.1:5555 shell ls -l /data/local/tmp/maxpresent.jar
[23:49:47][DEBUG]<airtest.core.android.touch_methods.maxtouch> install_maxtouch skipped
[23:49:47][DEBUG]<airtest.core.android.adb> /opt/homebrew/Caskroom/android-platform-tools/37.0.1/platform-tools/adb -s 127.0.0.1:5555 forward --no-rebind tcp:37299 localabstract:maxpresent_37299
[23:49:47][DEBUG]<airtest.core.android.adb> /opt/homebrew/Caskroom/android-platform-tools/37.0.1/platform-tools/adb -s 127.0.0.1:5555 shell app_process -Djava.class.path=/data/local/tmp/maxpresent.jar /data/local/tmp com.netease.maxpresent.MaxPresent socket maxpresent_37299
[23:49:47][DEBUG]<airtest.utils.nbsp> [airtouch_server]b'Metrics Message : 2560.0=====1440.0'
[23:49:47][DEBUG]<airtest.utils.nbsp> [airtouch_server]b'Start local socket (maxpresent_37299) server...'
[23:50:21][DEBUG]<airtest.utils.nbsp> [rotation_server]b'90'
[23:50:21][INFO]<airtest.core.android.rotation> update orientation 0->1
[23:50:23][DEBUG]<airtest.utils.nbsp> [rotation_server]b'0'
[23:50:23][INFO]<airtest.core.android.rotation> update orientation 1->0
[23:50:28][DEBUG]<airtest.utils.nbsp> [rotation_server]b'90'
[23:50:28][INFO]<airtest.core.android.rotation> update orientation 0->1
[23:50:30][DEBUG]<airtest.utils.nbsp> [rotation_server]b'0'
[23:50:30][INFO]<airtest.core.android.rotation> update orientation 1->0
[23:52:13][DEBUG]<airtest.utils.nbsp> [rotation_server]b'90'
[23:52:14][INFO]<airtest.core.android.rotation> update orientation 0->1
[23:52:15][DEBUG]<airtest.utils.nbsp> [rotation_server]b'0'
[23:52:16][INFO]<airtest.core.android.rotation> update orientation 1->0
[23:52:49][DEBUG]<airtest.utils.nbsp> [rotation_server]b'90'
[23:52:50][INFO]<airtest.core.android.rotation> update orientation 0->1
[23:52:52][DEBUG]<airtest.utils.nbsp> [rotation_server]b'0'
[23:52:52][INFO]<airtest.core.android.rotation> update orientation 1->0
[23:52:56][DEBUG]<airtest.utils.nbsp> [rotation_server]b'90'
[23:52:57][INFO]<airtest.core.android.rotation> update orientation 0->1
[23:52:59][DEBUG]<airtest.utils.nbsp> [rotation_server]b'0'
[23:52:59][INFO]<airtest.core.android.rotation> update orientation 1->0
[23:53:18][DEBUG]<airtest.utils.nbsp> [rotation_server]b'90'
[23:53:18][INFO]<airtest.core.android.rotation> update orientation 0->1
[23:53:20][DEBUG]<airtest.utils.nbsp> [rotation_server]b'0'
[23:53:21][INFO]<airtest.core.android.rotation> update orientation 1->0
[23:53:26][DEBUG]<airtest.utils.nbsp> [rotation_server]b'90'
[23:53:27][INFO]<airtest.core.android.rotation> update orientation 0->1
[23:53:29][DEBUG]<airtest.utils.nbsp> [rotation_server]b'0'
[23:53:29][INFO]<airtest.core.android.rotation> update orientation 1->0
[23:53:51][DEBUG]<airtest.utils.nbsp> [rotation_server]b'90'
[23:53:51][INFO]<airtest.core.android.rotation> update orientation 0->1
[23:53:53][DEBUG]<airtest.utils.nbsp> [rotation_server]b'0'
[23:53:54][INFO]<airtest.core.android.rotation> update orientation 1->0
[23:54:49][DEBUG]<airtest.utils.nbsp> [rotation_server]b'90'
[23:54:50][INFO]<airtest.core.android.rotation> update orientation 0->1
[23:54:58][DEBUG]<airtest.utils.nbsp> [rotation_server]b'0'
[23:54:59][INFO]<airtest.core.android.rotation> update orientation 1->0
[EXPERIMENT] variant=deeper, MAX_DEPTH=3, output=/Users/bytedance/Downloads/项目/crawler_original/depth_experiment_results/1784993962/pair_1_deeper_d3
[INFO] 模拟器已连接: 127.0.0.1:5555
[INFO] Poco 初始化完成
[INFO] 开始遍历...
[INFO] 有效Tab: 10

[TAB 0] 开始
  [1] .MainActivityV2 (9s)
  [2] com.bilibili.search2.main.BiliMainSearchActivity (13s)
  [3] .ui.webview.MWebActivity (26s)
  [DEBUG] 不在首页, 当前activity=app.lawnchair/.LawnchairLauncher, 尝试返回
  [DEBUG] 返回首页失败, 重启App
  [DEBUG] 不在首页, 当前activity=app.lawnchair/.LawnchairLauncher, 尝试返回
  [DEBUG] 返回首页失败, 重启App
  [4] com.bilibili.video.story.StoryVideoActivity (56s)
  [5] com.bilibili.search2.main.BiliMainSearchActivity (60s)
  [6] .ui.webview.MWebActivity (72s)
  [7] com.bilibili.ship.theseus.detail.UnitedBizDetailsActivity (85s)
  [8] com.bilibili.ship.theseus.detail.UnitedBizDetailsActivity (97s)
  [9] com.bilibili.ship.theseus.detail.UnitedBizDetailsActivity (108s)
  [10] com.bilibili.ship.theseus.detail.UnitedBizDetailsActivity (120s)
  [11] com.bilibili.app.authorspace.local.LocalAuthorSpaceActivity (141s)
  [DEBUG] 不在首页, 当前activity=app.lawnchair/.LawnchairLauncher, 尝试返回
  [DEBUG] 返回首页失败, 重启App
  [12] com.bilibili.ship.theseus.detail.UnitedBizDetailsActivity (164s)
  [DEBUG] 不在首页, 当前activity=app.lawnchair/.LawnchairLauncher, 尝试返回
  [DEBUG] 返回首页失败, 重启App
  [DEBUG] 不在首页, 当前activity=app.lawnchair/.LawnchairLauncher, 尝试返回
  [DEBUG] 返回首页失败, 重启App
  [13] com.bilibili.biligame.ui.GameCenterHomeActivity (205s)
  [14] com.bilibili.biligame.ui.gamelist.GameBookCenterActivityV2 (210s)
  [DEBUG] 不在首页, 当前activity=app.lawnchair/.LawnchairLauncher, 尝试返回
  [DEBUG] 返回首页失败, 重启App
  [DEBUG] 不在首页, 当前activity=app.lawnchair/.LawnchairLauncher, 尝试返回
  [DEBUG] 返回首页失败, 重启App
  [15] com.bilibili.lib.ui.GeneralActivity (242s)
  [DEBUG] 不在首页, 当前activity=app.lawnchair/.LawnchairLauncher, 尝试返回
  [DEBUG] 返回首页失败, 重启App
  [16] com.bilibili.ship.theseus.detail.UnitedBizDetailsActivity (270s)
  [17] .ui.webview.MWebActivity (295s)
  [DEBUG] 不在首页, 当前activity=app.lawnchair/.LawnchairLauncher, 尝试返回
  [DEBUG] 返回首页失败, 重启App
  [DEBUG] 不在首页, 当前activity=app.lawnchair/.LawnchairLauncher, 尝试返回
  [DEBUG] 返回首页失败, 重启App
  [18] com.bilibili.ship.theseus.detail.UnitedBizDetailsActivity (328s)
  [19] .ui.webview.MWebActivity (337s)
  [20] com.bilibili.video.story.StoryVideoActivity (376s)
  [21] com.bilibili.search2.main.BiliMainSearchActivity (380s)
  [22] .ui.webview.MWebActivity (393s)
  [23] com.bilibili.ship.theseus.detail.UnitedBizDetailsActivity (406s)
  [24] com.bilibili.ship.theseus.detail.UnitedBizDetailsActivity (418s)
  [25] com.bilibili.ship.theseus.detail.UnitedBizDetailsActivity (429s)
  [26] com.bilibili.ship.theseus.detail.UnitedBizDetailsActivity (440s)
  [DEBUG] 不在首页, 当前activity=tv.danmaku.bili/com.bilibili.video.story.StoryVideoActivity, 尝试返回
[TAB 1] 开始
  [27] .MainActivityV2 (479s)
  [28] com.bilibili.search2.main.BiliMainSearchActivity (483s)
  [29] .ui.webview.MWebActivity (496s)
  [30] com.bilibili.ship.theseus.detail.UnitedBizDetailsActivity (518s)
  [31] com.bilibili.ship.theseus.detail.UnitedBizDetailsActivity (534s)
  [32] com.bilibili.ship.theseus.detail.UnitedBizDetailsActivity (550s)
  [33] com.bilibili.ship.theseus.detail.UnitedBizDetailsActivity (567s)

[INFO] 中断, 保存状态...

[DONE] 截图 33 张, 点击 114 次, 用时 9分42秒
{
  "configured_max_depth": 3,
  "max_depth_invoked": 3,
  "explore_calls_by_depth": {
    "0": 2,
    "1": 11,
    "2": 13,
    "3": 16
  },
  "screenshots": 33,
  "actions": 114,
  "variant": "deeper",
  "device": "127.0.0.1:5555",
  "package": "tv.danmaku.bili",
  "elapsed_seconds": 582.0310434169951,
  "metadata_rows": 33,
  "unique_activities": 9,
  "exact_unique_images": 32,
  "near_unique_images_dhash12": 31,
  "screenshots_per_hour": 204.11282412454753,
  "actions_per_screenshot": 3.4545454545454546
}
[EXPERIMENT_DONE] /Users/bytedance/Downloads/项目/crawler_original/depth_experiment_results/1784993962/pair_1_deeper_d3
[23:59:26][DEBUG]<airtest.core.android.adb> /opt/homebrew/Caskroom/android-platform-tools/37.0.1/platform-tools/adb -s 127.0.0.1:5555 forward --remove tcp:24255
[23:59:26][DEBUG]<airtest.core.android.adb> /opt/homebrew/Caskroom/android-platform-tools/37.0.1/platform-tools/adb -s 127.0.0.1:5555 forward --remove tcp:12193
[23:59:26][DEBUG]<airtest.core.android.adb> /opt/homebrew/Caskroom/android-platform-tools/37.0.1/platform-tools/adb -s 127.0.0.1:5555 forward --remove tcp:37299
[23:59:26][DEBUG]<airtest.utils.nbsp> [rotation_server]b''
[23:59:26][DEBUG]<airtest.utils.nbsp> [airtouch_server]b''
[23:59:26][DEBUG]<airtest.core.android.adb> /opt/homebrew/Caskroom/android-platform-tools/37.0.1/platform-tools/adb -s 127.0.0.1:5555 forward --remove tcp:37299
