[15:26:32][DEBUG]<airtest.core.android.adb> /opt/homebrew/Caskroom/android-platform-tools/37.0.1/platform-tools/adb -s 127.0.0.1:5555 get-state
[15:26:33][DEBUG]<airtest.core.android.adb> /opt/homebrew/Caskroom/android-platform-tools/37.0.1/platform-tools/adb -s 127.0.0.1:5555 wait-for-device
[15:26:33][DEBUG]<airtest.core.android.adb> /opt/homebrew/Caskroom/android-platform-tools/37.0.1/platform-tools/adb -s 127.0.0.1:5555 shell getprop ro.build.version.sdk
[15:26:33][DEBUG]<airtest.core.android.adb> /opt/homebrew/Caskroom/android-platform-tools/37.0.1/platform-tools/adb -s 127.0.0.1:5555 shell dumpsys activity top
[15:26:33][DEBUG]<airtest.core.android.adb> /opt/homebrew/Caskroom/android-platform-tools/37.0.1/platform-tools/adb -s 127.0.0.1:5555 shell dumpsys package com.netease.open.pocoservice
[15:26:33][DEBUG]<airtest.core.android.adb> /opt/homebrew/Caskroom/android-platform-tools/37.0.1/platform-tools/adb -s 127.0.0.1:5555 forward --no-rebind tcp:26610 tcp:10080
[15:26:33][DEBUG]<airtest.core.android.adb> /opt/homebrew/Caskroom/android-platform-tools/37.0.1/platform-tools/adb -s 127.0.0.1:5555 forward --no-rebind tcp:39913 tcp:10081
[15:26:33][DEBUG]<airtest.core.android.adb> /opt/homebrew/Caskroom/android-platform-tools/37.0.1/platform-tools/adb -s 127.0.0.1:5555 shell am start -n com.netease.open.pocoservice/.TestActivity
[15:26:33][DEBUG]<airtest.core.android.adb> /opt/homebrew/Caskroom/android-platform-tools/37.0.1/platform-tools/adb -s 127.0.0.1:5555 shell am instrument -w -e debug false -e class com.netease.open.pocoservice.InstrumentedTestAsLauncher com.netease.open.pocoservice/androidx.test.runner.AndroidJUnitRunner
[15:26:49][DEBUG]<airtest.core.android.adb> /opt/homebrew/Caskroom/android-platform-tools/37.0.1/platform-tools/adb -s 127.0.0.1:5555 shell ls -l /data/local/tmp/rotationwatcher.jar
[15:26:49][DEBUG]<airtest.core.android.rotation> install_rotationwatcher skipped
[15:26:49][DEBUG]<airtest.core.android.adb> /opt/homebrew/Caskroom/android-platform-tools/37.0.1/platform-tools/adb -s 127.0.0.1:5555 shell app_process -Djava.class.path=/data/local/tmp/rotationwatcher.jar /data/local/tmp com.example.rotationwatcher.Main
[15:26:50][DEBUG]<airtest.utils.nbsp> [rotation_server]b'0'
[15:26:51][INFO]<airtest.core.android.rotation> update orientation None->0
[15:26:51][DEBUG]<airtest.core.android.adb> /opt/homebrew/Caskroom/android-platform-tools/37.0.1/platform-tools/adb -s 127.0.0.1:5555 shell wm size
[15:26:51][DEBUG]<airtest.core.android.adb> /opt/homebrew/Caskroom/android-platform-tools/37.0.1/platform-tools/adb -s 127.0.0.1:5555 shell getprop ro.sf.lcd_density
[15:26:51][DEBUG]<airtest.core.android.adb> /opt/homebrew/Caskroom/android-platform-tools/37.0.1/platform-tools/adb -s 127.0.0.1:5555 shell dumpsys SurfaceFlinger
[15:26:51][DEBUG]<airtest.core.android.adb> /opt/homebrew/Caskroom/android-platform-tools/37.0.1/platform-tools/adb -s 127.0.0.1:5555 shell dumpsys input
[15:26:51][DEBUG]<airtest.core.android.adb> /opt/homebrew/Caskroom/android-platform-tools/37.0.1/platform-tools/adb -s 127.0.0.1:5555 shell getevent -p
[15:26:51][DEBUG]<airtest.core.android.adb> /opt/homebrew/Caskroom/android-platform-tools/37.0.1/platform-tools/adb -s 127.0.0.1:5555 shell ls -l /data/local/tmp/maxpresent.jar
[15:26:51][DEBUG]<airtest.core.android.touch_methods.maxtouch> install_maxtouch skipped
[15:26:51][DEBUG]<airtest.core.android.adb> /opt/homebrew/Caskroom/android-platform-tools/37.0.1/platform-tools/adb -s 127.0.0.1:5555 forward --no-rebind tcp:14353 localabstract:maxpresent_14353
[15:26:51][DEBUG]<airtest.core.android.adb> /opt/homebrew/Caskroom/android-platform-tools/37.0.1/platform-tools/adb -s 127.0.0.1:5555 shell app_process -Djava.class.path=/data/local/tmp/maxpresent.jar /data/local/tmp com.netease.maxpresent.MaxPresent socket maxpresent_14353
[15:26:51][DEBUG]<airtest.utils.nbsp> [airtouch_server]b'Metrics Message : 2560.0=====1440.0'
[15:26:51][DEBUG]<airtest.utils.nbsp> [airtouch_server]b'Start local socket (maxpresent_14353) server...'
[15:27:40][DEBUG]<airtest.utils.nbsp> [rotation_server]b'90'
[15:27:41][INFO]<airtest.core.android.rotation> update orientation 0->1
[15:27:43][DEBUG]<airtest.utils.nbsp> [rotation_server]b'0'
[15:27:43][INFO]<airtest.core.android.rotation> update orientation 1->0
[15:27:47][DEBUG]<airtest.utils.nbsp> [rotation_server]b'90'
[15:27:48][INFO]<airtest.core.android.rotation> update orientation 0->1
[15:27:49][DEBUG]<airtest.utils.nbsp> [rotation_server]b'0'
[15:27:50][INFO]<airtest.core.android.rotation> update orientation 1->0
[15:28:09][DEBUG]<airtest.utils.nbsp> [rotation_server]b'90'
[15:28:10][INFO]<airtest.core.android.rotation> update orientation 0->1
[15:28:12][DEBUG]<airtest.utils.nbsp> [rotation_server]b'0'
[15:28:12][INFO]<airtest.core.android.rotation> update orientation 1->0
[15:28:17][DEBUG]<airtest.utils.nbsp> [rotation_server]b'90'
[15:28:17][INFO]<airtest.core.android.rotation> update orientation 0->1
[15:28:19][DEBUG]<airtest.utils.nbsp> [rotation_server]b'0'
[15:28:19][INFO]<airtest.core.android.rotation> update orientation 1->0
[15:28:40][DEBUG]<airtest.utils.nbsp> [rotation_server]b'90'
[15:28:41][INFO]<airtest.core.android.rotation> update orientation 0->1
[15:28:43][DEBUG]<airtest.utils.nbsp> [rotation_server]b'0'
[15:28:43][INFO]<airtest.core.android.rotation> update orientation 1->0
[15:29:10][DEBUG]<airtest.utils.nbsp> [rotation_server]b'90'
[15:29:10][INFO]<airtest.core.android.rotation> update orientation 0->1
[15:29:12][DEBUG]<airtest.utils.nbsp> [rotation_server]b'0'
[15:29:12][INFO]<airtest.core.android.rotation> update orientation 1->0
[EXPERIMENT] variant=deeper, MAX_DEPTH=3, output=/Users/bytedance/Downloads/项目/crawler_original/depth_experiment_results/1785050611/pair_1_deeper_d3
[INFO] 模拟器已连接: 127.0.0.1:5555
[INFO] Poco 初始化完成
[INFO] 开始遍历...
[INFO] 有效Tab: 11

[TAB 0] 开始
  [1] .MainActivityV2 (8s)
  [2] com.bilibili.search2.main.BiliMainSearchActivity (13s)
  [3] .ui.webview.MWebActivity (26s)
  [DEBUG] 不在首页, 当前activity=app.lawnchair/.LawnchairLauncher, 尝试返回
  [DEBUG] 返回首页失败, 重启App
  [DEBUG] 不在首页, 当前activity=app.lawnchair/.LawnchairLauncher, 尝试返回
  [DEBUG] 返回首页失败, 重启App
  [4] com.bilibili.biligame.ui.GameCenterHomeActivity (72s)
  [5] com.bilibili.biligame.ui.gamelist.GameBookCenterActivityV2 (77s)
  [DEBUG] 不在首页, 当前activity=app.lawnchair/.LawnchairLauncher, 尝试返回
  [DEBUG] 返回首页失败, 重启App
  [DEBUG] 不在首页, 当前activity=app.lawnchair/.LawnchairLauncher, 尝试返回
  [DEBUG] 返回首页失败, 重启App
  [6] com.bilibili.lib.ui.GeneralActivity (107s)
  [DEBUG] 不在首页, 当前activity=app.lawnchair/.LawnchairLauncher, 尝试返回
  [DEBUG] 返回首页失败, 重启App
  [7] .ui.webview.MWebActivity (124s)
  [8] com.bilibili.biligame.ui.GameCenterHomeActivity (132s)
  [9] com.bilibili.biligame.ui.gamelist.GameBookCenterActivityV2 (137s)
  [10] com.bilibili.biligame.ui.search.v2.GameSearchActivityV2 (141s)
  [DEBUG] 不在首页, 当前activity=app.lawnchair/.LawnchairLauncher, 尝试返回
  [DEBUG] 返回首页失败, 重启App
  [11] com.bilibili.biligame.web2.GameToolbarWebActivity (155s)

[INFO] 中断, 保存状态...

[DONE] 截图 11 张, 点击 29 次, 用时 2分45秒
{
  "configured_max_depth": 3,
  "depth_action_limits": {
    "1": 4,
    "2": 2
  },
  "max_deep_activity_expansions": 2,
  "max_depth_invoked": 3,
  "explore_calls_by_depth": {
    "0": 1,
    "1": 6,
    "2": 4,
    "3": 5
  },
  "explore_inclusive_seconds_by_depth": {
    "0": 157.753557,
    "1": 115.827579,
    "2": 46.11479,
    "3": 0.865283
  },
  "actions_discovered_by_depth": {
    "0": 21,
    "1": 52,
    "2": 20
  },
  "actions_returned_by_depth": {
    "0": 21,
    "1": 22,
    "2": 6
  },
  "actions_pruned_by_depth": {
    "1": 30,
    "2": 14
  },
  "deep_actions_pruned": 44,
  "screenshots_saved_by_depth": {
    "0": 1,
    "1": 5,
    "2": 3,
    "3": 2
  },
  "deep_activity_expansion_skips": 0,
  "backtrack_calls": 6,
  "backtrack_failures": 5,
  "backtrack_seconds": 39.97538358300153,
  "go_back_calls": 25,
  "go_back_seconds": 1.1714691270135518,
  "restart_calls": 6,
  "restart_seconds": 28.537052749994473,
  "screenshots": 11,
  "actions": 29,
  "variant": "deeper",
  "device": "127.0.0.1:5555",
  "package": "tv.danmaku.bili",
  "elapsed_seconds": 165.35239600000205,
  "metadata_rows": 11,
  "unique_activities": 8,
  "exact_unique_images": 9,
  "near_unique_images_dhash12": 9,
  "screenshots_per_hour": 239.48851639258683,
  "near_unique_images_per_hour": 195.94514977575287,
  "near_duplicate_ratio": 0.18181818181818177,
  "actions_per_screenshot": 2.6363636363636362
}
[EXPERIMENT_DONE] /Users/bytedance/Downloads/项目/crawler_original/depth_experiment_results/1785050611/pair_1_deeper_d3
[15:29:32][DEBUG]<airtest.core.android.adb> /opt/homebrew/Caskroom/android-platform-tools/37.0.1/platform-tools/adb -s 127.0.0.1:5555 forward --remove tcp:26610
[15:29:32][DEBUG]<airtest.core.android.adb> /opt/homebrew/Caskroom/android-platform-tools/37.0.1/platform-tools/adb -s 127.0.0.1:5555 forward --remove tcp:39913
[15:29:32][DEBUG]<airtest.core.android.adb> /opt/homebrew/Caskroom/android-platform-tools/37.0.1/platform-tools/adb -s 127.0.0.1:5555 forward --remove tcp:14353
[15:29:32][DEBUG]<airtest.utils.nbsp> [rotation_server]b''
[15:29:32][DEBUG]<airtest.utils.nbsp> [airtouch_server]b''
[15:29:32][DEBUG]<airtest.core.android.adb> /opt/homebrew/Caskroom/android-platform-tools/37.0.1/platform-tools/adb -s 127.0.0.1:5555 forward --remove tcp:14353
